<h2>Testing WhatsApp Notification System</h2><h3>Test 1: Fetch Settings</h3><pre>Array
(
    [wa_notifications_enabled] => 1
    [wa_notification_numbers] => +201234567890
    [wa_notification_provider] => auto
)
</pre><h3>Test 2: Check Function</h3>Γ£à triggerHandoverWhatsApp function exists<br><h3>Test 3: Send Test Notification</h3>ΓÜá∩╕Å Notification returned false (check logs)<br><h3>Test 4: Check Notification Logs</h3><pre>Array
(
    [0] => Array
        (
            [id] => 5
            [user_id] => 1
            [page_name] => Test Page
            [customer_name] => Test Customer
            [trigger_reason] => anger
            [phone_number] => +201234567890
            [message_text] => ≡ƒÜ¿ *╪¬┘å╪¿┘è┘ç: ╪¬╪»╪«┘ä ╪¿╪┤╪▒┘è ┘à╪╖┘ä┘ê╪¿*

≡ƒôä ╪º┘ä╪╡┘ü╪¡╪⌐: Test Page
≡ƒæñ ╪º┘ä╪╣┘à┘è┘ä: Test Customer
ΓÜá∩╕Å ╪º┘ä╪│╪¿╪¿: ╪║╪╢╪¿ ╪º┘ä╪╣┘à┘è┘ä

≡ƒÆ¼ ╪º┘ä╪▒╪│╪º┘ä╪⌐:
"This is a test message"

≡ƒöù ╪╣╪▒╪╢ ╪º┘ä┘à╪¡╪º╪»╪½╪⌐: https://marketation.net/user/messenger_bot.php
            [provider_used] => qr
            [status] => failed
            [error_message] => HTTP 400: {"status":400,"error":"Bad Request","response":{"message":[{"jid":"201234567890@s.whatsapp.net","exists":false,"number":"201234567890"}]}}
            [sent_at] => 2026-02-03 23:06:43
        )

    [1] => Array
        (
            [id] => 4
            [user_id] => 1
            [page_name] => Test Page
            [customer_name] => Test Customer
            [trigger_reason] => anger
            [phone_number] => +201234567890
            [message_text] => ≡ƒÜ¿ *╪¬┘å╪¿┘è┘ç: ╪¬╪»╪«┘ä ╪¿╪┤╪▒┘è ┘à╪╖┘ä┘ê╪¿*

≡ƒôä ╪º┘ä╪╡┘ü╪¡╪⌐: Test Page
≡ƒæñ ╪º┘ä╪╣┘à┘è┘ä: Test Customer
ΓÜá∩╕Å ╪º┘ä╪│╪¿╪¿: ╪║╪╢╪¿ ╪º┘ä╪╣┘à┘è┘ä

≡ƒÆ¼ ╪º┘ä╪▒╪│╪º┘ä╪⌐:
"This is a test message"

≡ƒöù ╪╣╪▒╪╢ ╪º┘ä┘à╪¡╪º╪»╪½╪⌐: https://marketation.net/user/messenger_bot.php
            [provider_used] => qr
            [status] => failed
            [error_message] => HTTP 400: {"status":400,"error":"Bad Request","response":{"message":[{"jid":"201234567890@s.whatsapp.net","exists":false,"number":"201234567890"}]}}
            [sent_at] => 2026-02-03 22:59:15
        )

    [2] => Array
        (
            [id] => 3
            [user_id] => 1
            [page_name] => Test Page
            [customer_name] => Test Customer
            [trigger_reason] => anger
            [phone_number] => +201234567890
            [message_text] => ≡ƒÜ¿ *╪¬┘å╪¿┘è┘ç: ╪¬╪»╪«┘ä ╪¿╪┤╪▒┘è ┘à╪╖┘ä┘ê╪¿*

≡ƒôä ╪º┘ä╪╡┘ü╪¡╪⌐: Test Page
≡ƒæñ ╪º┘ä╪╣┘à┘è┘ä: Test Customer
ΓÜá∩╕Å ╪º┘ä╪│╪¿╪¿: ╪║╪╢╪¿ ╪º┘ä╪╣┘à┘è┘ä

≡ƒÆ¼ ╪º┘ä╪▒╪│╪º┘ä╪⌐:
"This is a test message"

≡ƒöù ╪╣╪▒╪╢ ╪º┘ä┘à╪¡╪º╪»╪½╪⌐: https://marketation.net/user/messenger_bot.php
            [provider_used] => qr
            [status] => failed
            [error_message] => HTTP 400: {"status":400,"error":"Bad Request","response":{"message":[{"jid":"201234567890@s.whatsapp.net","exists":false,"number":"201234567890"}]}}
            [sent_at] => 2026-02-03 22:54:11
        )

    [3] => Array
        (
            [id] => 2
            [user_id] => 1
            [page_name] => Test Page
            [customer_name] => Test Customer
            [trigger_reason] => anger
            [phone_number] => +201234567890
            [message_text] => ≡ƒÜ¿ *╪¬┘å╪¿┘è┘ç: ╪¬╪»╪«┘ä ╪¿╪┤╪▒┘è ┘à╪╖┘ä┘ê╪¿*

≡ƒôä ╪º┘ä╪╡┘ü╪¡╪⌐: Test Page
≡ƒæñ ╪º┘ä╪╣┘à┘è┘ä: Test Customer
ΓÜá∩╕Å ╪º┘ä╪│╪¿╪¿: ╪║╪╢╪¿ ╪º┘ä╪╣┘à┘è┘ä

≡ƒÆ¼ ╪º┘ä╪▒╪│╪º┘ä╪⌐:
"This is a test message"

≡ƒöù ╪╣╪▒╪╢ ╪º┘ä┘à╪¡╪º╪»╪½╪⌐: https://marketation.net/user/messenger_bot.php
            [provider_used] => qr
            [status] => failed
            [error_message] => HTTP 0: 
            [sent_at] => 2026-02-03 22:53:53
        )

    [4] => Array
        (
            [id] => 1
            [user_id] => 2
            [page_name] => Test Page - Mubarak Academy
            [customer_name] => Ahmed Mohamed
            [trigger_reason] => anger
            [phone_number] => 201022035190
            [message_text] => ╪╣┘à┘è┘ä ┘è╪¡╪¬╪º╪¼ ┘ä╪¬╪»╪«┘ä ╪¿╪┤╪▒┘è Test Page - Mubarak Academy, Ahmed Mohamed, ╪║╪╢╪¿ ╪º┘ä╪╣┘à┘è┘ä, ╪º┘å╪º ╪▓╪╣┘ä╪º┘å ╪¼╪»╪º┘ï ┘à┘å ╪º┘ä╪«╪»┘à╪⌐ ╪º┘ä╪│┘è╪ª╪⌐!, https://marketation.net/user/messenger_bot.php
            [provider_used] => qr
            [status] => failed
            [error_message] => HTTP 0: 
            [sent_at] => 2026-02-03 20:49:14
        )

)
</pre>
